// Jest Snapshot v1, https://goo.gl/fbAQLP

exports[`renders without crashing 1`] = `
<div
  class="App"
>
  <div
    class="Hook-root-1wsdclo"
  >
    <header
      class="MuiPaper-root-10 MuiPaper-elevation4-16 MuiAppBar-root-1 MuiAppBar-positionStatic-5 MuiAppBar-colorPrimary-8"
      style="background-color: rgb(40, 44, 52);"
    >
      <div
        class="MuiToolbar-root-37 MuiToolbar-regular-39 MuiToolbar-gutters-38"
      >
        <button
          aria-label="Menu"
          class="MuiButtonBase-root-47 MuiIconButton-root-41 MuiIconButton-colorInherit-42 Hook-menuButton-14d7ubx"
          tabindex="0"
          type="button"
        >
          <span
            class="MuiIconButton-label-46"
          >
            <svg
              aria-hidden="true"
              class="MuiSvgIcon-root-50"
              focusable="false"
              role="presentation"
              viewBox="0 0 24 24"
            >
              <path
                d="M0 0h24v24H0z"
                fill="none"
              />
              <path
                d="M3 18h18v-2H3v2zm0-5h18v-2H3v2zm0-7v2h18V6H3z"
              />
            </svg>
          </span>
          <span
            class="MuiTouchRipple-root-99"
          />
        </button>
        <h6
          class="MuiTypography-root-59 MuiTypography-h6-76 MuiTypography-colorInherit-88 Hook-grow-9qmz7"
        >
          <a
            class="Hook-logo-feb7p7"
            href="/"
          >
            Who's Up Next
          </a>
        </h6>
        <div>
          <button
            aria-haspopup="true"
            aria-owns="null"
            class="MuiButtonBase-root-47 MuiIconButton-root-41 MuiIconButton-colorInherit-42"
            tabindex="0"
            type="button"
          >
            <span
              class="MuiIconButton-label-46"
            >
              <svg
                aria-hidden="true"
                class="MuiSvgIcon-root-50"
                focusable="false"
                role="presentation"
                viewBox="0 0 24 24"
              >
                <path
                  d="M12 2C6.48 2 2 6.48 2 12s4.48 10 10 10 10-4.48 10-10S17.52 2 12 2zm0 3c1.66 0 3 1.34 3 3s-1.34 3-3 3-3-1.34-3-3 1.34-3 3-3zm0 14.2c-2.5 0-4.71-1.28-6-3.22.03-1.99 4-3.08 6-3.08 1.99 0 5.97 1.09 6 3.08-1.29 1.94-3.5 3.22-6 3.22z"
                />
                <path
                  d="M0 0h24v24H0z"
                  fill="none"
                />
              </svg>
            </span>
            <span
              class="MuiTouchRipple-root-99"
            />
          </button>
        </div>
      </div>
    </header>
  </div>
  <header
    class="App-header"
  >
    <h1>
      Who's Up Next
    </h1>
    <p>
      Keep track of your important relationships
    </p>
  </header>
</div>
`;
